// Jest Snapshot v1, https://goo.gl/fbAQLP

exports[`matches snapshot 1`] = `
<DocumentFragment>
  <footer
    class="makeStyles-footer-2"
  >
    <p
      class="MuiTypography-root MuiTypography-subtitle1 MuiTypography-colorTextSecondary MuiTypography-alignCenter"
    >
      template forked from 
      <a
        href="https://github.com/brian-trann/create-my-portfolio-site"
      >
        Brian Trann’s create-my-portfolio-site
      </a>
      <br />
      © KingTorCodes 2021-2022
    </p>
  </footer>
</DocumentFragment>
`;
