// Jest Snapshot v1, https://goo.gl/fbAQLP

exports[`matches snapshot 1`] = `
<DocumentFragment>
  <div
    class="makeStyles-main-9"
  >
    <div
      class="MuiContainer-root MuiContainer-maxWidthMd"
    >
      <div
        class="makeStyles-profilePicture-15"
      >
        <img
          alt="Tor in front of Carnegie Hall"
          src="https://raw.githubusercontent.com/kingtor69/create-my-portfolio-site/main/src/assets/TorHeadshotWithCello400x400.jpeg"
          width="300px"
        />
      </div>
      <h1
        class="MuiTypography-root MuiTypography-h2 MuiTypography-colorTextPrimary MuiTypography-gutterBottom MuiTypography-alignLeft"
      >
        My name is Tor Kingdon and I tell stories with code.
      </h1>
    </div>
  </div>
  <div
    class="MuiContainer-root MuiContainer-maxWidthMd"
  >
    <h6
      class="MuiTypography-root makeStyles-mainBlurb-16 MuiTypography-subtitle1 MuiTypography-colorTextSecondary MuiTypography-gutterBottom MuiTypography-alignCenter"
    >
      I have been working with entertainment and computers since I was a kid, working professionally in post audio for TV & film and recording dialog for radio, voice-over, and video games.
      <br />
      <br />
      Recently, I have been using my computer skills to write code instead of making funny noises.
    </h6>
    <hr
      class="MuiDivider-root"
    />
  </div>
  <div
    class="MuiContainer-root makeStyles-cardGrid-11 MuiContainer-maxWidthMd"
  >
    <div
      class="makeStyles-cardsTitle-10"
    >
      <h3
        class="MuiTypography-root MuiTypography-h5 MuiTypography-colorTextSecondary MuiTypography-gutterBottom MuiTypography-alignCenter"
      >
        Selected Work
      </h3>
    </div>
    <div
      class="MuiGrid-root MuiGrid-container MuiGrid-spacing-xs-4"
    >
      <div
        class="MuiGrid-root MuiGrid-item MuiGrid-grid-xs-12 MuiGrid-grid-sm-6 MuiGrid-grid-md-4"
      >
        <div
          class="MuiPaper-root MuiCard-root makeStyles-card-12 MuiPaper-elevation1 MuiPaper-rounded"
        >
          <div
            class="MuiCardMedia-root makeStyles-cardMedia-13"
            style="background-image: url(https://raw.githubusercontent.com/kingtor69/create-my-portfolio-site/main/src/assets/SaddleTimeScreenshot.png);"
            title="Saddle-Time screenshot"
          />
          <div
            class="MuiCardContent-root makeStyles-cardContent-14"
          >
            <h2
              class="MuiTypography-root MuiTypography-h5 MuiTypography-gutterBottom"
            >
              Saddle-Time
            </h2>
            <p
              class="MuiTypography-root MuiTypography-body2"
            >
              Bicycle-friendly bicycle directions. It was programmed with Python, HTML, CSS, and JavaScript, with the frameworks/libraries Flask, WTForms, Jinja2, Bootstrap, jQuery, and plugins from Mapbox & Select2. It uses APIs from Mapbox, Mapquest, and Open Weather Service.
            </p>
          </div>
          <div
            class="MuiCardActions-root MuiCardActions-spacing"
          >
            <button
              class="MuiButtonBase-root MuiButton-root MuiButton-text MuiButton-textPrimary MuiButton-textSizeSmall MuiButton-sizeSmall"
              tabindex="0"
              type="button"
            >
              <span
                class="MuiButton-label"
              >
                Github
              </span>
              <span
                class="MuiTouchRipple-root"
              />
            </button>
            <button
              class="MuiButtonBase-root MuiButton-root MuiButton-text MuiButton-textPrimary MuiButton-textSizeSmall MuiButton-sizeSmall"
              tabindex="0"
              type="button"
            >
              <span
                class="MuiButton-label"
              >
                Site
              </span>
              <span
                class="MuiTouchRipple-root"
              />
            </button>
          </div>
        </div>
      </div>
      <div
        class="MuiGrid-root MuiGrid-item MuiGrid-grid-xs-12 MuiGrid-grid-sm-6 MuiGrid-grid-md-4"
      >
        <div
          class="MuiPaper-root MuiCard-root makeStyles-card-12 MuiPaper-elevation1 MuiPaper-rounded"
        >
          <div
            class="MuiCardMedia-root makeStyles-cardMedia-13"
            style="background-image: url(https://raw.githubusercontent.com/kingtor69/create-my-portfolio-site/main/src/assets/TorBoggle.png);"
            title="Tor Boggle screenshot"
          />
          <div
            class="MuiCardContent-root makeStyles-cardContent-14"
          >
            <h2
              class="MuiTypography-root MuiTypography-h5 MuiTypography-gutterBottom"
            >
              Tor Boggle
            </h2>
            <p
              class="MuiTypography-root MuiTypography-body2"
            >
              My down-n-dirty take on the classic dice/word game using Python/Flask.
            </p>
          </div>
          <div
            class="MuiCardActions-root MuiCardActions-spacing"
          >
            <button
              class="MuiButtonBase-root MuiButton-root MuiButton-text MuiButton-textPrimary MuiButton-textSizeSmall MuiButton-sizeSmall"
              tabindex="0"
              type="button"
            >
              <span
                class="MuiButton-label"
              >
                Github
              </span>
              <span
                class="MuiTouchRipple-root"
              />
            </button>
            <button
              class="MuiButtonBase-root MuiButton-root MuiButton-text MuiButton-textPrimary MuiButton-textSizeSmall MuiButton-sizeSmall"
              tabindex="0"
              type="button"
            >
              <span
                class="MuiButton-label"
              >
                Site
              </span>
              <span
                class="MuiTouchRipple-root"
              />
            </button>
          </div>
        </div>
      </div>
      <div
        class="MuiGrid-root MuiGrid-item MuiGrid-grid-xs-12 MuiGrid-grid-sm-6 MuiGrid-grid-md-4"
      >
        <div
          class="MuiPaper-root MuiCard-root makeStyles-card-12 MuiPaper-elevation1 MuiPaper-rounded"
        >
          <div
            class="MuiCardMedia-root makeStyles-cardMedia-13"
            style="background-image: url(https://raw.githubusercontent.com/kingtor69/create-my-portfolio-site/main/src/assets/themilongaprojectScreenShot.png);"
            title="The Milonga Project screenshot"
          />
          <div
            class="MuiCardContent-root makeStyles-cardContent-14"
          >
            <h2
              class="MuiTypography-root MuiTypography-h5 MuiTypography-gutterBottom"
            >
              The Milonga Project
            </h2>
            <p
              class="MuiTypography-root MuiTypography-body2"
            >
              I produced an “illustrated audio play” with my partner and a wrtier/director we’ve worked with before, and I made our website. The backend is still in development using Node JS and the Strapi library.
            </p>
          </div>
          <div
            class="MuiCardActions-root MuiCardActions-spacing"
          >
            <button
              class="MuiButtonBase-root MuiButton-root MuiButton-text MuiButton-textPrimary MuiButton-textSizeSmall MuiButton-sizeSmall"
              tabindex="0"
              type="button"
            >
              <span
                class="MuiButton-label"
              >
                Github
              </span>
              <span
                class="MuiTouchRipple-root"
              />
            </button>
            <button
              class="MuiButtonBase-root MuiButton-root MuiButton-text MuiButton-textPrimary MuiButton-textSizeSmall MuiButton-sizeSmall"
              tabindex="0"
              type="button"
            >
              <span
                class="MuiButton-label"
              >
                Site
              </span>
              <span
                class="MuiTouchRipple-root"
              />
            </button>
          </div>
        </div>
      </div>
    </div>
  </div>
  <div
    class="MuiContainer-root MuiContainer-maxWidthMd"
  >
    <p
      class="MuiTypography-root MuiTypography-body2"
    >
      <i>
        <b>
          Note:
        </b>
         due to changes on heroku, the “Saddle-Time” and “Tor Boggle” SITE buttons will load an error message instead of the site. The code 
        <b>
          is
        </b>
         still visible and clone-able via the “GITHUB” buttons. This will be repaired soon.
      </i>
    </p>
  </div>
</DocumentFragment>
`;
